2026-09-15 01:55:59.294 UTC [554] ERROR:  deadlock detected
2026-09-15 01:55:59.294 UTC [554] DETAIL:  Process 554 waits for ShareLock on transaction 89597; blocked by process 553.
	Process 553 waits for ShareLock on transaction 89642; blocked by process 554.
	Process 554: -- name: FinalizeTaskAttempt :one
	UPDATE anclax.tasks
	SET
	    status = CASE WHEN status IN ('paused', 'cancelled') THEN status ELSE $1::text END,
	    started_at = CASE WHEN status IN ('pending', 'running') THEN $2::timestamptz ELSE started_at END,
	    attempts = CASE WHEN status IN ('pending', 'running') THEN $3::int ELSE attempts END,
	    locked_at = NULL,
	    worker_id = NULL,
	    lease_expires_at = NULL, lease_duration_ms = NULL,
	    updated_at = statement_timestamp()
	WHERE id = $4 AND worker_id = $5
	    AND lease_version = $6
	    AND status IN ('pending', 'running', 'paused', 'cancelled')
	RETURNING status

	Process 553: -- name: ClaimNormalTaskByGroup :one
	WITH candidate AS MATERIALIZED (
	    SELECT t.id
	    FROM anclax.tasks t
	    WHERE t.status = 'pending'
	        AND t.concurrency_wait_tag IS NULL
	        AND t.spec->>'type' NOT IN ('broadcastUpdateWorkerRuntimeConfig', 'applyWorkerRuntimeConfigToWorker', 'broadcastCancelTask', 'cancelTaskOnWorker', 'broadcastPauseTask', 'pauseTaskOnWorker')
	        AND (
	            ($3::boolean AND t.priority > 0)
	            OR (t.priority = 0 AND COALESCE((
	                SELECT MIN(label) FROM jsonb_array_elements_text(COALESCE(NULLIF(t.attributes->'labels', 'null'::jsonb), '[]'::jsonb)) AS labels(label)
	                WHERE label = ANY($4::text[])
	            ), '__default__') = $5::text)
	        )
	        AND (t.started_at IS NULL OR t.started_at <= statement_timestamp())
	        AND (t.locked_at IS NULL OR COALESCE(t.lease_expires_at, t.locked_at + $2::bigint * INTERVAL '1 millisecond') <= statement_timestamp())
	        AND NOT EXISTS (
	            SELECT 1 FROM jsonb_array_ele
2026-09-15 01:55:59.294 UTC [554] HINT:  See server log for query details.
2026-09-15 01:55:59.294 UTC [554] CONTEXT:  while locking tuple (0,97) in relation "task_tag_concurrency"
	PL/pgSQL function anclax.release_task_tag_permits(integer) line 9 at FOR over SELECT rows
	SQL statement "SELECT anclax.release_task_tag_permits(OLD.id)"
	PL/pgSQL function anclax.release_task_tags_on_unlock() line 8 at PERFORM
2026-09-15 01:55:59.294 UTC [554] STATEMENT:  -- name: FinalizeTaskAttempt :one
	UPDATE anclax.tasks
	SET
	    status = CASE WHEN status IN ('paused', 'cancelled') THEN status ELSE $1::text END,
	    started_at = CASE WHEN status IN ('pending', 'running') THEN $2::timestamptz ELSE started_at END,
	    attempts = CASE WHEN status IN ('pending', 'running') THEN $3::int ELSE attempts END,
	    locked_at = NULL,
	    worker_id = NULL,
	    lease_expires_at = NULL, lease_duration_ms = NULL,
	    updated_at = statement_timestamp()
	WHERE id = $4 AND worker_id = $5
	    AND lease_version = $6
	    AND status IN ('pending', 'running', 'paused', 'cancelled')
	RETURNING status
